// Jest Snapshot v1, https://goo.gl/fbAQLP

exports[`<RequestRest /> renders and matches snapshot 1`] = `
<form
  aria-busy={false}
  className="Form-sc-1xszr8q-0 krRxky"
  data-test="form"
  disabled={false}
  method="post"
  onSubmit={[Function]}
>
  <fieldset>
    <h2>
      Request a password reset
    </h2>
    <DisplayError
      error={Object {}}
    />
    <label
      htmlFor="email"
    >
      email
      <input
        name="email"
        onChange={[Function]}
        placeholder="email"
        type="email"
        value=""
      />
    </label>
    <button
      type="submit"
    >
      Reset password
    </button>
  </fieldset>
</form>
`;
